[    1168ms] [LOG] [Fast Refresh] done in 1138ms @ http://localhost:3000/_next/static/chunks/node_modules_next_dist_1e8vcs8._.js:776
[    1478ms] [LOG] [Fast Refresh] rebuilding @ http://localhost:3000/_next/static/chunks/node_modules_next_dist_1e8vcs8._.js:776
[    1602ms] [LOG] [Fast Refresh] done in 225ms @ http://localhost:3000/_next/static/chunks/node_modules_next_dist_1e8vcs8._.js:776
[    2719ms] [INFO] %cDownload the React DevTools for a better development experience: https://react.dev/link/react-devtools font-weight:bold @ http://localhost:3000/_next/static/chunks/node_modules_next_dist_1e8vcs8._.js:776
[    2995ms] [LOG] [HMR] connected @ http://localhost:3000/_next/static/chunks/node_modules_next_dist_1e8vcs8._.js:776
[    4014ms] [WARNING] Image with src "/baran-logo-navbar.png" has either width or height modified, but not the other. If you use CSS to change the size of your image, also include the styles 'width: "auto"' or 'height: "auto"' to maintain the aspect ratio. @ http://localhost:3000/_next/static/chunks/node_modules_next_dist_1e8vcs8._.js:776
[    4375ms] [LOG] [Fast Refresh] rebuilding @ http://localhost:3000/_next/static/chunks/node_modules_next_dist_1e8vcs8._.js:776
[    5403ms] [LOG] [Fast Refresh] done in 1129ms @ http://localhost:3000/_next/static/chunks/node_modules_next_dist_1e8vcs8._.js:776
[   31153ms] [INFO] %cDownload the React DevTools for a better development experience: https://react.dev/link/react-devtools font-weight:bold @ http://localhost:3000/_next/static/chunks/node_modules_next_dist_1e8vcs8._.js:776
[   31197ms] [LOG] [HMR] connected @ http://localhost:3000/_next/static/chunks/node_modules_next_dist_1e8vcs8._.js:776
[   31446ms] [WARNING] Image with src "/baran-logo-navbar.png" has either width or height modified, but not the other. If you use CSS to change the size of your image, also include the styles 'width: "auto"' or 'height: "auto"' to maintain the aspect ratio. @ http://localhost:3000/_next/static/chunks/node_modules_next_dist_1e8vcs8._.js:776
[   52665ms] [ERROR] Failed to load resource: the server responded with a status of 400 () @ https://zuqmulrrbrsctbjgqgwt.supabase.co/rest/v1/admin_custom_charts?columns=%22chart_name%22%2C%22chart_type%22%2C%22resource%22%2C%22x_field%22%2C%22y_field%22%2C%22aggregation%22%2C%22filters%22%2C%22time_range%22%2C%22custom_start_date%22%2C%22custom_end_date%22%2C%22user_id%22%2C%22created_at%22%2C%22updated_at%22&select=*:0
[   52668ms] [ERROR] Error saving chart: {code: 22007, details: null, hint: null, message: invalid input syntax for type timestamp with time zone: ""} @ http://localhost:3000/_next/static/chunks/node_modules_next_dist_1e8vcs8._.js:1052
[   54777ms] [LOG] [Fast Refresh] rebuilding @ http://localhost:3000/_next/static/chunks/node_modules_next_dist_1e8vcs8._.js:776
[   54781ms] [LOG] [Fast Refresh] done in 105ms @ http://localhost:3000/_next/static/chunks/node_modules_next_dist_1e8vcs8._.js:776
[   74612ms] [ERROR] Failed to load resource: the server responded with a status of 400 () @ https://zuqmulrrbrsctbjgqgwt.supabase.co/rest/v1/admin_custom_charts?columns=%22chart_name%22%2C%22chart_type%22%2C%22resource%22%2C%22x_field%22%2C%22y_field%22%2C%22aggregation%22%2C%22filters%22%2C%22time_range%22%2C%22custom_start_date%22%2C%22custom_end_date%22%2C%22user_id%22%2C%22created_at%22%2C%22updated_at%22&select=*:0
[   74613ms] [ERROR] Error saving chart: {code: 22007, details: null, hint: null, message: invalid input syntax for type timestamp with time zone: ""} @ http://localhost:3000/_next/static/chunks/node_modules_next_dist_1e8vcs8._.js:1052
[  119949ms] [ERROR] Failed to load resource: the server responded with a status of 400 () @ https://zuqmulrrbrsctbjgqgwt.supabase.co/rest/v1/admin_custom_charts?columns=%22chart_name%22%2C%22chart_type%22%2C%22resource%22%2C%22x_field%22%2C%22y_field%22%2C%22aggregation%22%2C%22filters%22%2C%22time_range%22%2C%22custom_start_date%22%2C%22custom_end_date%22%2C%22user_id%22%2C%22created_at%22%2C%22updated_at%22&select=*:0
[  119951ms] [ERROR] Error saving chart: {code: 22007, details: null, hint: null, message: invalid input syntax for type timestamp with time zone: ""} @ http://localhost:3000/_next/static/chunks/node_modules_next_dist_1e8vcs8._.js:1052
[  184379ms] [LOG] [Fast Refresh] rebuilding @ http://localhost:3000/_next/static/chunks/node_modules_next_dist_1e8vcs8._.js:776
[  185604ms] [LOG] [Fast Refresh] done in 1265ms @ http://localhost:3000/_next/static/chunks/node_modules_next_dist_1e8vcs8._.js:776
[  187783ms] [LOG] [Fast Refresh] done in 1265ms @ http://localhost:3000/_next/static/chunks/node_modules_next_dist_1e8vcs8._.js:776
[  205469ms] [LOG] [Fast Refresh] done in 1265ms @ http://localhost:3000/_next/static/chunks/node_modules_next_dist_1e8vcs8._.js:776
[  206290ms] [WARNING] Detected `scroll-behavior: smooth` on the `<html>` element. To disable smooth scrolling during route transitions, add `data-scroll-behavior="smooth"` to your <html> element. Learn more: https://nextjs.org/docs/messages/missing-data-scroll-behavior @ http://localhost:3000/_next/static/chunks/node_modules_next_dist_1e8vcs8._.js:776
[  206420ms] [LOG] [Fast Refresh] done in 1265ms @ http://localhost:3000/_next/static/chunks/node_modules_next_dist_1e8vcs8._.js:776
