[    1225ms] [LOG] [Fast Refresh] rebuilding @ http://localhost:3000/_next/static/chunks/node_modules_next_dist_1e8vcs8._.js:776
[    1305ms] [LOG] [Fast Refresh] done in 183ms @ http://localhost:3000/_next/static/chunks/node_modules_next_dist_1e8vcs8._.js:776
[    2674ms] [INFO] %cDownload the React DevTools for a better development experience: https://react.dev/link/react-devtools font-weight:bold @ http://localhost:3000/_next/static/chunks/node_modules_next_dist_1e8vcs8._.js:776
[    2855ms] [LOG] [HMR] connected @ http://localhost:3000/_next/static/chunks/node_modules_next_dist_1e8vcs8._.js:776
[    3056ms] [WARNING] Image with src "/baran-logo-navbar.png" has either width or height modified, but not the other. If you use CSS to change the size of your image, also include the styles 'width: "auto"' or 'height: "auto"' to maintain the aspect ratio. @ http://localhost:3000/_next/static/chunks/node_modules_next_dist_1e8vcs8._.js:776
[    4067ms] [ERROR] Failed to load resource: the server responded with a status of 406 () @ https://hxcjlpzfoadnjmsjjexx.supabase.co/rest/v1/staff_users?select=role&id=eq.3165920a-7f9f-4074-9ca4-e0e046d8c649:0
[    4432ms] [ERROR] Failed to load resource: the server responded with a status of 406 () @ https://hxcjlpzfoadnjmsjjexx.supabase.co/rest/v1/staff_users?select=role&id=eq.3165920a-7f9f-4074-9ca4-e0e046d8c649:0
[  118669ms] [LOG] [Fast Refresh] rebuilding @ http://localhost:3000/_next/static/chunks/node_modules_next_dist_1e8vcs8._.js:776
[  118698ms] [LOG] [Fast Refresh] done in 130ms @ http://localhost:3000/_next/static/chunks/node_modules_next_dist_1e8vcs8._.js:776
[  152180ms] [LOG] [Fast Refresh] rebuilding @ http://localhost:3000/_next/static/chunks/node_modules_next_dist_1e8vcs8._.js:776
[  152344ms] [LOG] [Fast Refresh] done in 264ms @ http://localhost:3000/_next/static/chunks/node_modules_next_dist_1e8vcs8._.js:776
[  177131ms] [LOG] [Fast Refresh] rebuilding @ http://localhost:3000/_next/static/chunks/node_modules_next_dist_1e8vcs8._.js:776
[  177162ms] [LOG] [Fast Refresh] done in 133ms @ http://localhost:3000/_next/static/chunks/node_modules_next_dist_1e8vcs8._.js:776
[  177631ms] [WARNING] Detected `scroll-behavior: smooth` on the `<html>` element. To disable smooth scrolling during route transitions, add `data-scroll-behavior="smooth"` to your <html> element. Learn more: https://nextjs.org/docs/messages/missing-data-scroll-behavior @ http://localhost:3000/_next/static/chunks/node_modules_next_dist_1e8vcs8._.js:776
[  186793ms] [LOG] [Fast Refresh] rebuilding @ http://localhost:3000/_next/static/chunks/node_modules_next_dist_1e8vcs8._.js:776
[  189072ms] [WARNING] GSAP target .pets-grid not found. https://gsap.com @ http://localhost:3000/_next/static/chunks/node_modules_next_dist_1e8vcs8._.js:776
[  189073ms] [WARNING] GSAP target  not found. https://gsap.com @ http://localhost:3000/_next/static/chunks/node_modules_next_dist_1e8vcs8._.js:776
[  189074ms] [WARNING] GSAP target  not found. https://gsap.com @ http://localhost:3000/_next/static/chunks/node_modules_next_dist_1e8vcs8._.js:776
[  189074ms] [WARNING] Element not found: .pets-grid @ http://localhost:3000/_next/static/chunks/node_modules_next_dist_1e8vcs8._.js:776
[  189085ms] [WARNING] GSAP target  not found. https://gsap.com @ http://localhost:3000/_next/static/chunks/node_modules_next_dist_1e8vcs8._.js:776
[  189086ms] [WARNING] GSAP target  not found. https://gsap.com @ http://localhost:3000/_next/static/chunks/node_modules_next_dist_1e8vcs8._.js:776
[  189086ms] [WARNING] GSAP target  not found. https://gsap.com @ http://localhost:3000/_next/static/chunks/node_modules_next_dist_1e8vcs8._.js:776
[  189087ms] [WARNING] GSAP target .pets-grid not found. https://gsap.com @ http://localhost:3000/_next/static/chunks/node_modules_next_dist_1e8vcs8._.js:776
[  189088ms] [WARNING] GSAP target  not found. https://gsap.com @ http://localhost:3000/_next/static/chunks/node_modules_next_dist_1e8vcs8._.js:776
[  189088ms] [WARNING] GSAP target  not found. https://gsap.com @ http://localhost:3000/_next/static/chunks/node_modules_next_dist_1e8vcs8._.js:776
[  189089ms] [WARNING] Element not found: .pets-grid @ http://localhost:3000/_next/static/chunks/node_modules_next_dist_1e8vcs8._.js:776
[  189184ms] [WARNING] GSAP target  not found. https://gsap.com @ http://localhost:3000/_next/static/chunks/node_modules_next_dist_1e8vcs8._.js:776
[  196840ms] [LOG] [Fast Refresh] done in 10139ms @ http://localhost:3000/_next/static/chunks/node_modules_next_dist_1e8vcs8._.js:776
[  201227ms] TypeError: Cannot read properties of undefined (reading 'startTime')
    at et.reportAllChanges (<anonymous>:2:19429)
    at <anonymous>:2:13070
    at <anonymous>:2:331
    at d (<anonymous>:2:6141)
    at <anonymous>:2:6326
    at <anonymous>:2:2895
    at n.timeout (<anonymous>:2:5652)
[  204295ms] [LOG] [Fast Refresh] rebuilding @ http://localhost:3000/_next/static/chunks/node_modules_next_dist_1e8vcs8._.js:776
[  209740ms] [LOG] [Fast Refresh] done in 5545ms @ http://localhost:3000/_next/static/chunks/node_modules_next_dist_1e8vcs8._.js:776
[  210602ms] [ERROR] Failed to load resource: the server responded with a status of 406 () @ https://hxcjlpzfoadnjmsjjexx.supabase.co/rest/v1/animals?select=id%2Cname%2Cowner_id%2Cowner_phone%2Cspecies_id%2Cbreed_id%2Cspecies%3Aspecies%28id%2Cname%29%2Cbreed%3Abreeds%28id%2Cname%29%2Csex%2Cdate_of_birth%2Cweight%2Ccolor%2Cmicrochip_number%2Cneutered%2Callergies%2Cmedical_notes%2Cstatus%2Cprofile_image&id=eq.7108bc3c-54a7-4028-8be0-e85e7cc570ef:0
[  210857ms] [ERROR] Failed to load resource: the server responded with a status of 406 () @ https://hxcjlpzfoadnjmsjjexx.supabase.co/rest/v1/animals?select=id%2Cname%2Cowner_id%2Cowner_phone%2Cspecies_id%2Cbreed_id%2Cspecies%3Aspecies%28id%2Cname%29%2Cbreed%3Abreeds%28id%2Cname%29%2Csex%2Cdate_of_birth%2Cweight%2Ccolor%2Cmicrochip_number%2Cneutered%2Callergies%2Cmedical_notes%2Cstatus%2Cprofile_image&id=eq.7108bc3c-54a7-4028-8be0-e85e7cc570ef:0
[  234793ms] [LOG] [Fast Refresh] rebuilding @ http://localhost:3000/_next/static/chunks/node_modules_next_dist_1e8vcs8._.js:776
[  235078ms] [LOG] [Fast Refresh] done in 387ms @ http://localhost:3000/_next/static/chunks/node_modules_next_dist_1e8vcs8._.js:776
[  236120ms] [INFO] %cDownload the React DevTools for a better development experience: https://react.dev/link/react-devtools font-weight:bold @ http://localhost:3000/_next/static/chunks/node_modules_next_dist_1e8vcs8._.js:776
[  236266ms] [LOG] [HMR] connected @ http://localhost:3000/_next/static/chunks/node_modules_next_dist_1e8vcs8._.js:776
[  236604ms] [WARNING] Image with src "/baran-logo-navbar.png" has either width or height modified, but not the other. If you use CSS to change the size of your image, also include the styles 'width: "auto"' or 'height: "auto"' to maintain the aspect ratio. @ http://localhost:3000/_next/static/chunks/node_modules_next_dist_1e8vcs8._.js:776
[  236954ms] [ERROR] Failed to load resource: the server responded with a status of 406 () @ https://hxcjlpzfoadnjmsjjexx.supabase.co/rest/v1/staff_users?select=role&id=eq.3165920a-7f9f-4074-9ca4-e0e046d8c649:0
[  236977ms] [ERROR] Failed to load resource: the server responded with a status of 406 () @ https://hxcjlpzfoadnjmsjjexx.supabase.co/rest/v1/animals?select=id%2Cname%2Cowner_id%2Cowner_phone%2Cspecies_id%2Cbreed_id%2Cspecies%3Aspecies%28id%2Cname%29%2Cbreed%3Abreeds%28id%2Cname%29%2Csex%2Cdate_of_birth%2Cweight%2Ccolor%2Cmicrochip_number%2Cneutered%2Callergies%2Cmedical_notes%2Cstatus%2Cprofile_image&id=eq.7108bc3c-54a7-4028-8be0-e85e7cc570ef:0
[  236994ms] [LOG] [Fast Refresh] rebuilding @ http://localhost:3000/_next/static/chunks/node_modules_next_dist_1e8vcs8._.js:776
[  237219ms] [ERROR] Failed to load resource: the server responded with a status of 406 () @ https://hxcjlpzfoadnjmsjjexx.supabase.co/rest/v1/staff_users?select=role&id=eq.3165920a-7f9f-4074-9ca4-e0e046d8c649:0
[  237346ms] [ERROR] Failed to load resource: the server responded with a status of 406 () @ https://hxcjlpzfoadnjmsjjexx.supabase.co/rest/v1/animals?select=id%2Cname%2Cowner_id%2Cowner_phone%2Cspecies_id%2Cbreed_id%2Cspecies%3Aspecies%28id%2Cname%29%2Cbreed%3Abreeds%28id%2Cname%29%2Csex%2Cdate_of_birth%2Cweight%2Ccolor%2Cmicrochip_number%2Cneutered%2Callergies%2Cmedical_notes%2Cstatus%2Cprofile_image&id=eq.7108bc3c-54a7-4028-8be0-e85e7cc570ef:0
[  239872ms] [LOG] [Fast Refresh] done in 2977ms @ http://localhost:3000/_next/static/chunks/node_modules_next_dist_1e8vcs8._.js:776
[  366894ms] [LOG] [Fast Refresh] rebuilding @ http://localhost:3000/_next/static/chunks/node_modules_next_dist_1e8vcs8._.js:776
[  369077ms] [LOG] [Fast Refresh] done in 2296ms @ http://localhost:3000/_next/static/chunks/node_modules_next_dist_1e8vcs8._.js:776
[  377255ms] [LOG] [Fast Refresh] rebuilding @ http://localhost:3000/_next/static/chunks/node_modules_next_dist_1e8vcs8._.js:776
[  378770ms] [LOG] [Fast Refresh] done in 1619ms @ http://localhost:3000/_next/static/chunks/node_modules_next_dist_1e8vcs8._.js:776
[  378972ms] [LOG] [Fast Refresh] rebuilding @ http://localhost:3000/_next/static/chunks/node_modules_next_dist_1e8vcs8._.js:776
[  379032ms] [LOG] [Fast Refresh] done in 161ms @ http://localhost:3000/_next/static/chunks/node_modules_next_dist_1e8vcs8._.js:776
[  382580ms] [LOG] [Fast Refresh] done in 1658ms @ http://localhost:3000/_next/static/chunks/node_modules_next_dist_1e8vcs8._.js:776
[  385520ms] [LOG] [Fast Refresh] rebuilding @ http://localhost:3000/_next/static/chunks/node_modules_next_dist_1e8vcs8._.js:776
[  388954ms] [LOG] [Fast Refresh] done in 3536ms @ http://localhost:3000/_next/static/chunks/node_modules_next_dist_1e8vcs8._.js:776
[  391624ms] [LOG] [Fast Refresh] rebuilding @ http://localhost:3000/_next/static/chunks/node_modules_next_dist_1e8vcs8._.js:776
[  392049ms] [LOG] [Fast Refresh] done in 525ms @ http://localhost:3000/_next/static/chunks/node_modules_next_dist_1e8vcs8._.js:776
[  399957ms] [LOG] [Fast Refresh] rebuilding @ http://localhost:3000/_next/static/chunks/node_modules_next_dist_1e8vcs8._.js:776
[  408108ms] [LOG] [Fast Refresh] done in 8179ms @ http://localhost:3000/_next/static/chunks/node_modules_next_dist_1e8vcs8._.js:776
[  408340ms] [LOG] [Fast Refresh] done in 8179ms @ http://localhost:3000/_next/static/chunks/node_modules_next_dist_1e8vcs8._.js:776
[  408749ms] [LOG] [Fast Refresh] done in 8179ms @ http://localhost:3000/_next/static/chunks/node_modules_next_dist_1e8vcs8._.js:776
[  411189ms] [LOG] [Fast Refresh] done in 8179ms @ http://localhost:3000/_next/static/chunks/node_modules_next_dist_1e8vcs8._.js:776
[  412381ms] [LOG] [Fast Refresh] done in 8179ms @ http://localhost:3000/_next/static/chunks/node_modules_next_dist_1e8vcs8._.js:776
[  413736ms] [LOG] [Fast Refresh] done in 8179ms @ http://localhost:3000/_next/static/chunks/node_modules_next_dist_1e8vcs8._.js:776
[  414850ms] [LOG] [Fast Refresh] done in 8179ms @ http://localhost:3000/_next/static/chunks/node_modules_next_dist_1e8vcs8._.js:776
[  415092ms] [LOG] [Fast Refresh] done in 8179ms @ http://localhost:3000/_next/static/chunks/node_modules_next_dist_1e8vcs8._.js:776
[  426450ms] [LOG] [Fast Refresh] done in 8179ms @ http://localhost:3000/_next/static/chunks/node_modules_next_dist_1e8vcs8._.js:776
[  427938ms] [LOG] [Fast Refresh] rebuilding @ http://localhost:3000/_next/static/chunks/node_modules_next_dist_1e8vcs8._.js:776
[  428196ms] [LOG] [Fast Refresh] done in 359ms @ http://localhost:3000/_next/static/chunks/node_modules_next_dist_1e8vcs8._.js:776
[  430984ms] [LOG] [Fast Refresh] rebuilding @ http://localhost:3000/_next/static/chunks/node_modules_next_dist_1e8vcs8._.js:776
[  431318ms] [LOG] [Fast Refresh] done in 434ms @ http://localhost:3000/_next/static/chunks/node_modules_next_dist_1e8vcs8._.js:776
[  481607ms] [LOG] [Fast Refresh] rebuilding @ http://localhost:3000/_next/static/chunks/node_modules_next_dist_1e8vcs8._.js:776
[  482666ms] [LOG] [Fast Refresh] done in 1160ms @ http://localhost:3000/_next/static/chunks/node_modules_next_dist_1e8vcs8._.js:776
