[     799ms] [LOG] [Fast Refresh] done in 1265ms @ http://localhost:3000/_next/static/chunks/node_modules_next_dist_1e8vcs8._.js:776
[    1111ms] [LOG] [Fast Refresh] rebuilding @ http://localhost:3000/_next/static/chunks/node_modules_next_dist_1e8vcs8._.js:776
[    1187ms] [LOG] [Fast Refresh] done in 177ms @ http://localhost:3000/_next/static/chunks/node_modules_next_dist_1e8vcs8._.js:776
[    2258ms] [INFO] %cDownload the React DevTools for a better development experience: https://react.dev/link/react-devtools font-weight:bold @ http://localhost:3000/_next/static/chunks/node_modules_next_dist_1e8vcs8._.js:776
[    2329ms] [LOG] [HMR] connected @ http://localhost:3000/_next/static/chunks/node_modules_next_dist_1e8vcs8._.js:776
[    3074ms] [WARNING] Image with src "/baran-logo-navbar.png" has either width or height modified, but not the other. If you use CSS to change the size of your image, also include the styles 'width: "auto"' or 'height: "auto"' to maintain the aspect ratio. @ http://localhost:3000/_next/static/chunks/node_modules_next_dist_1e8vcs8._.js:776
[    3217ms] [LOG] [Fast Refresh] rebuilding @ http://localhost:3000/_next/static/chunks/node_modules_next_dist_1e8vcs8._.js:776
[    3471ms] [LOG] [Fast Refresh] done in 354ms @ http://localhost:3000/_next/static/chunks/node_modules_next_dist_1e8vcs8._.js:776
[    4023ms] [LOG] [Fast Refresh] rebuilding @ http://localhost:3000/_next/static/chunks/node_modules_next_dist_1e8vcs8._.js:776
[    4191ms] [LOG] [Fast Refresh] done in 270ms @ http://localhost:3000/_next/static/chunks/node_modules_next_dist_1e8vcs8._.js:776
[  189334ms] [LOG] [Fast Refresh] rebuilding @ http://localhost:3000/_next/static/chunks/node_modules_next_dist_1e8vcs8._.js:776
[  189352ms] [LOG] [Fast Refresh] done in 120ms @ http://localhost:3000/_next/static/chunks/node_modules_next_dist_1e8vcs8._.js:776
[  265932ms] [LOG] [Fast Refresh] rebuilding @ http://localhost:3000/_next/static/chunks/node_modules_next_dist_1e8vcs8._.js:776
[  265951ms] [LOG] [Fast Refresh] done in 121ms @ http://localhost:3000/_next/static/chunks/node_modules_next_dist_1e8vcs8._.js:776
[  268009ms] [INFO] %cDownload the React DevTools for a better development experience: https://react.dev/link/react-devtools font-weight:bold @ http://localhost:3000/_next/static/chunks/node_modules_next_dist_1e8vcs8._.js:776
[  268229ms] [LOG] [HMR] connected @ http://localhost:3000/_next/static/chunks/node_modules_next_dist_1e8vcs8._.js:776
[  268329ms] [WARNING] Image with src "/baran-logo-navbar.png" has either width or height modified, but not the other. If you use CSS to change the size of your image, also include the styles 'width: "auto"' or 'height: "auto"' to maintain the aspect ratio. @ http://localhost:3000/_next/static/chunks/node_modules_next_dist_1e8vcs8._.js:776
[  268883ms] [LOG] [Fast Refresh] rebuilding @ http://localhost:3000/_next/static/chunks/node_modules_next_dist_1e8vcs8._.js:776
[  268978ms] [LOG] [Fast Refresh] done in 195ms @ http://localhost:3000/_next/static/chunks/node_modules_next_dist_1e8vcs8._.js:776
[  380574ms] [LOG] [Fast Refresh] rebuilding @ http://localhost:3000/_next/static/chunks/node_modules_next_dist_1e8vcs8._.js:776
[  381339ms] [LOG] [Fast Refresh] done in 807ms @ http://localhost:3000/_next/static/chunks/node_modules_next_dist_1e8vcs8._.js:776
[  384792ms] [LOG] [Fast Refresh] done in 807ms @ http://localhost:3000/_next/static/chunks/node_modules_next_dist_1e8vcs8._.js:776
[  388353ms] [LOG] [Fast Refresh] rebuilding @ http://localhost:3000/_next/static/chunks/node_modules_next_dist_1e8vcs8._.js:776
[  388874ms] [ERROR] ./src/app/admin/custom-charts/page.tsx:62:23
Error: await isn't allowed in non-async function
  60 |     if (!userId) throw new Error('User not authenticated');
  61 |
> 62 |     const { error } = await supabaseClient
     |                       ^^^^^
  63 |         .from('admin_custom_charts')
  64 |         .update({ is_active: !currentIsActive })
  65 |         .eq('id', id);

Parsing ecmascript source code failed

Import traces:
  Client Component Browser:
    ./src/app/admin/custom-charts/page.tsx [Client Component Browser]
    ./src/app/admin/custom-charts/page.tsx [Server Component]

  Client Component SSR:
    ./src/app/admin/custom-charts/page.tsx [Client Component SSR]
    ./src/app/admin/custom-charts/page.tsx [Server Component] @ http://localhost:3000/_next/static/chunks/node_modules_next_dist_1e8vcs8._.js:1052
[  388991ms] [ERROR] ./src/app/admin/custom-charts/page.tsx:62:23
Error: await isn't allowed in non-async function
  60 |     if (!userId) throw new Error('User not authenticated');
  61 |
> 62 |     const { error } = await supabaseClient
     |                       ^^^^^
  63 |         .from('admin_custom_charts')
  64 |         .update({ is_active: !currentIsActive })
  65 |         .eq('id', id);

Parsing ecmascript source code failed

Import traces:
  Client Component Browser:
    ./src/app/admin/custom-charts/page.tsx [Client Component Browser]
    ./src/app/admin/custom-charts/page.tsx [Server Component]

  Client Component SSR:
    ./src/app/admin/custom-charts/page.tsx [Client Component SSR]
    ./src/app/admin/custom-charts/page.tsx [Server Component] @ http://localhost:3000/_next/static/chunks/node_modules_next_dist_1e8vcs8._.js:1052
[  410797ms] [ERROR] ./src/app/admin/custom-charts/page.tsx:62:23
Error: await isn't allowed in non-async function
  60 |     if (!userId) throw new Error('User not authenticated');
  61 |
> 62 |     const { error } = await supabaseClient
     |                       ^^^^^
  63 |         .from('admin_custom_charts')
  64 |         .update({ is_active: !currentIsActive })
  65 |         .eq('id', id);

Parsing ecmascript source code failed

Import traces:
  Client Component Browser:
    ./src/app/admin/custom-charts/page.tsx [Client Component Browser]
    ./src/app/admin/custom-charts/page.tsx [Server Component]

  Client Component SSR:
    ./src/app/admin/custom-charts/page.tsx [Client Component SSR]
    ./src/app/admin/custom-charts/page.tsx [Server Component] @ http://localhost:3000/_next/static/chunks/node_modules_next_dist_1e8vcs8._.js:1052
[  410837ms] [LOG] [Fast Refresh] rebuilding @ http://localhost:3000/_next/static/chunks/node_modules_next_dist_1e8vcs8._.js:776
[  433689ms] [ERROR] ./src/app/admin/custom-charts/page.tsx:62:23
Error: await isn't allowed in non-async function
  60 |     if (!userId) throw new Error('User not authenticated');
  61 |
> 62 |     const { error } = await supabaseClient
     |                       ^^^^^
  63 |         .from('admin_custom_charts')
  64 |         .update({ is_active: !currentIsActive })
  65 |         .eq('id', id);

Parsing ecmascript source code failed

Import traces:
  Client Component Browser:
    ./src/app/admin/custom-charts/page.tsx [Client Component Browser]
    ./src/app/admin/custom-charts/page.tsx [Server Component]

  Client Component SSR:
    ./src/app/admin/custom-charts/page.tsx [Client Component SSR]
    ./src/app/admin/custom-charts/page.tsx [Server Component] @ http://localhost:3000/_next/static/chunks/node_modules_next_dist_1e8vcs8._.js:1052
[  449970ms] [ERROR] ./src/app/admin/custom-charts/page.tsx:62:23
Error: await isn't allowed in non-async function
  60 |     if (!userId) throw new Error('User not authenticated');
  61 |
> 62 |     const { error } = await supabaseClient
     |                       ^^^^^
  63 |         .from('admin_custom_charts')
  64 |         .update({ is_active: !currentIsActive })
  65 |         .eq('id', id);

Parsing ecmascript source code failed

Import traces:
  Client Component Browser:
    ./src/app/admin/custom-charts/page.tsx [Client Component Browser]
    ./src/app/admin/custom-charts/page.tsx [Server Component]

  Client Component SSR:
    ./src/app/admin/custom-charts/page.tsx [Client Component SSR]
    ./src/app/admin/custom-charts/page.tsx [Server Component] @ http://localhost:3000/_next/static/chunks/node_modules_next_dist_1e8vcs8._.js:1052
[  450049ms] [LOG] [Fast Refresh] rebuilding @ http://localhost:3000/_next/static/chunks/node_modules_next_dist_1e8vcs8._.js:776
[  467914ms] [LOG] [Fast Refresh] rebuilding @ http://localhost:3000/_next/static/chunks/node_modules_next_dist_1e8vcs8._.js:776
[  468382ms] [ERROR] ./src/app/admin/custom-charts/page.tsx:62:23
Error: await isn't allowed in non-async function
  60 |     if (!userId) throw new Error('User not authenticated');
  61 |
> 62 |     const { error } = await supabaseClient
     |                       ^^^^^
  63 |         .from('admin_custom_charts')
  64 |         .update({ is_active: !currentIsActive })
  65 |         .eq('id', id);

Parsing ecmascript source code failed

Import traces:
  Client Component Browser:
    ./src/app/admin/custom-charts/page.tsx [Client Component Browser]
    ./src/app/admin/custom-charts/page.tsx [Server Component]

  Client Component SSR:
    ./src/app/admin/custom-charts/page.tsx [Client Component SSR]
    ./src/app/admin/custom-charts/page.tsx [Server Component] @ http://localhost:3000/_next/static/chunks/node_modules_next_dist_1e8vcs8._.js:1052
[  484695ms] [ERROR] ./src/app/admin/custom-charts/page.tsx:62:23
Error: await isn't allowed in non-async function
  60 |     if (!userId) throw new Error('User not authenticated');
  61 |
> 62 |     const { error } = await supabaseClient
     |                       ^^^^^
  63 |         .from('admin_custom_charts')
  64 |         .update({ is_active: !currentIsActive })
  65 |         .eq('id', id);

Parsing ecmascript source code failed

Import traces:
  Client Component Browser:
    ./src/app/admin/custom-charts/page.tsx [Client Component Browser]
    ./src/app/admin/custom-charts/page.tsx [Server Component]

  Client Component SSR:
    ./src/app/admin/custom-charts/page.tsx [Client Component SSR]
    ./src/app/admin/custom-charts/page.tsx [Server Component] @ http://localhost:3000/_next/static/chunks/node_modules_next_dist_1e8vcs8._.js:1052
[  484743ms] [LOG] [Fast Refresh] rebuilding @ http://localhost:3000/_next/static/chunks/node_modules_next_dist_1e8vcs8._.js:776
[  506484ms] [LOG] [Fast Refresh] rebuilding @ http://localhost:3000/_next/static/chunks/node_modules_next_dist_1e8vcs8._.js:776
[  506791ms] [ERROR] ./src/app/admin/custom-charts/page.tsx:62:23
Error: await isn't allowed in non-async function
  60 |     if (!userId) throw new Error('User not authenticated');
  61 |
> 62 |     const { error } = await supabaseClient
     |                       ^^^^^
  63 |         .from('admin_custom_charts')
  64 |         .update({ is_active: !currentIsActive })
  65 |         .eq('id', id);

Parsing ecmascript source code failed

Import traces:
  Client Component Browser:
    ./src/app/admin/custom-charts/page.tsx [Client Component Browser]
    ./src/app/admin/custom-charts/page.tsx [Server Component]

  Client Component SSR:
    ./src/app/admin/custom-charts/page.tsx [Client Component SSR]
    ./src/app/admin/custom-charts/page.tsx [Server Component] @ http://localhost:3000/_next/static/chunks/node_modules_next_dist_1e8vcs8._.js:1052
[  529276ms] [LOG] [Fast Refresh] rebuilding @ http://localhost:3000/_next/static/chunks/node_modules_next_dist_1e8vcs8._.js:776
[  529606ms] [ERROR] ./src/app/admin/custom-charts/page.tsx:62:23
Error: await isn't allowed in non-async function
  60 |     if (!userId) throw new Error('User not authenticated');
  61 |
> 62 |     const { error } = await supabaseClient
     |                       ^^^^^
  63 |         .from('admin_custom_charts')
  64 |         .update({ is_active: !currentIsActive })
  65 |         .eq('id', id);

Parsing ecmascript source code failed

Import traces:
  Client Component Browser:
    ./src/app/admin/custom-charts/page.tsx [Client Component Browser]
    ./src/app/admin/custom-charts/page.tsx [Server Component]

  Client Component SSR:
    ./src/app/admin/custom-charts/page.tsx [Client Component SSR]
    ./src/app/admin/custom-charts/page.tsx [Server Component] @ http://localhost:3000/_next/static/chunks/node_modules_next_dist_1e8vcs8._.js:1052
