[    2095ms] [INFO] %cDownload the React DevTools for a better development experience: https://react.dev/link/react-devtools font-weight:bold @ http://localhost:3000/_next/static/chunks/node_modules_next_dist_1e8vcs8._.js:776
[    2242ms] [LOG] [HMR] connected @ http://localhost:3000/_next/static/chunks/node_modules_next_dist_1e8vcs8._.js:776
[    2388ms] [WARNING] Image with src "/baran-logo-navbar.png" has either width or height modified, but not the other. If you use CSS to change the size of your image, also include the styles 'width: "auto"' or 'height: "auto"' to maintain the aspect ratio. @ http://localhost:3000/_next/static/chunks/node_modules_next_dist_1e8vcs8._.js:776
[    2476ms] [LOG] [Fast Refresh] rebuilding @ http://localhost:3000/_next/static/chunks/node_modules_next_dist_1e8vcs8._.js:776
[    3740ms] [LOG] [Fast Refresh] done in 1364ms @ http://localhost:3000/_next/static/chunks/node_modules_next_dist_1e8vcs8._.js:776
[   78320ms] [LOG] [Fast Refresh] rebuilding @ http://localhost:3000/_next/static/chunks/node_modules_next_dist_1e8vcs8._.js:776
[   79975ms] [ERROR] Failed to load resource: the server responded with a status of 403 () @ https://hxcjlpzfoadnjmsjjexx.supabase.co/auth/v1/user:0
[   80246ms] [ERROR] Failed to load resource: the server responded with a status of 403 () @ https://hxcjlpzfoadnjmsjjexx.supabase.co/auth/v1/user:0
[   80453ms] [ERROR] Failed to load resource: the server responded with a status of 403 () @ https://hxcjlpzfoadnjmsjjexx.supabase.co/auth/v1/user:0
[   80487ms] [LOG] [Fast Refresh] done in 1995ms @ http://localhost:3000/_next/static/chunks/node_modules_next_dist_1e8vcs8._.js:776
[   80537ms] [LOG] [Fast Refresh] done in 1995ms @ http://localhost:3000/_next/static/chunks/node_modules_next_dist_1e8vcs8._.js:776
[   80624ms] [LOG] [Fast Refresh] done in 1995ms @ http://localhost:3000/_next/static/chunks/node_modules_next_dist_1e8vcs8._.js:776
[   80723ms] [ERROR] Failed to load resource: the server responded with a status of 403 () @ https://hxcjlpzfoadnjmsjjexx.supabase.co/auth/v1/user:0
[   80769ms] [WARNING] GSAP target  not found. https://gsap.com @ http://localhost:3000/_next/static/chunks/node_modules_next_dist_1e8vcs8._.js:776
[   80770ms] [WARNING] GSAP target  not found. https://gsap.com @ http://localhost:3000/_next/static/chunks/node_modules_next_dist_1e8vcs8._.js:776
[   80780ms] [WARNING] GSAP target  not found. https://gsap.com @ http://localhost:3000/_next/static/chunks/node_modules_next_dist_1e8vcs8._.js:776
[   80783ms] [WARNING] GSAP target  not found. https://gsap.com @ http://localhost:3000/_next/static/chunks/node_modules_next_dist_1e8vcs8._.js:776
[   80791ms] [WARNING] Detected `scroll-behavior: smooth` on the `<html>` element. To disable smooth scrolling during route transitions, add `data-scroll-behavior="smooth"` to your <html> element. Learn more: https://nextjs.org/docs/messages/missing-data-scroll-behavior @ http://localhost:3000/_next/static/chunks/node_modules_next_dist_1e8vcs8._.js:776
[   80801ms] [WARNING] GSAP target  not found. https://gsap.com @ http://localhost:3000/_next/static/chunks/node_modules_next_dist_1e8vcs8._.js:776
[   80802ms] [WARNING] GSAP target  not found. https://gsap.com @ http://localhost:3000/_next/static/chunks/node_modules_next_dist_1e8vcs8._.js:776
[   80803ms] [WARNING] GSAP target  not found. https://gsap.com @ http://localhost:3000/_next/static/chunks/node_modules_next_dist_1e8vcs8._.js:776
[   80805ms] [WARNING] GSAP target  not found. https://gsap.com @ http://localhost:3000/_next/static/chunks/node_modules_next_dist_1e8vcs8._.js:776
[   80805ms] [WARNING] GSAP target  not found. https://gsap.com @ http://localhost:3000/_next/static/chunks/node_modules_next_dist_1e8vcs8._.js:776
[   80806ms] [WARNING] GSAP target  not found. https://gsap.com @ http://localhost:3000/_next/static/chunks/node_modules_next_dist_1e8vcs8._.js:776
[   80806ms] [WARNING] GSAP target  not found. https://gsap.com @ http://localhost:3000/_next/static/chunks/node_modules_next_dist_1e8vcs8._.js:776
[   80820ms] [WARNING] GSAP target  not found. https://gsap.com @ http://localhost:3000/_next/static/chunks/node_modules_next_dist_1e8vcs8._.js:776
[   80988ms] [ERROR] Failed to load resource: the server responded with a status of 403 () @ https://hxcjlpzfoadnjmsjjexx.supabase.co/auth/v1/user:0
[   81226ms] [ERROR] Failed to load resource: the server responded with a status of 403 () @ https://hxcjlpzfoadnjmsjjexx.supabase.co/auth/v1/user:0
[   81424ms] [ERROR] Failed to load resource: the server responded with a status of 403 () @ https://hxcjlpzfoadnjmsjjexx.supabase.co/auth/v1/user:0
[   81637ms] [ERROR] Failed to load resource: the server responded with a status of 403 () @ https://hxcjlpzfoadnjmsjjexx.supabase.co/auth/v1/user:0
[   81914ms] [ERROR] Failed to load resource: the server responded with a status of 403 () @ https://hxcjlpzfoadnjmsjjexx.supabase.co/auth/v1/user:0
[   82111ms] [ERROR] Failed to load resource: the server responded with a status of 403 () @ https://hxcjlpzfoadnjmsjjexx.supabase.co/auth/v1/user:0
[   82384ms] [ERROR] Failed to load resource: the server responded with a status of 403 () @ https://hxcjlpzfoadnjmsjjexx.supabase.co/auth/v1/user:0
[   82582ms] [ERROR] Failed to load resource: the server responded with a status of 403 () @ https://hxcjlpzfoadnjmsjjexx.supabase.co/auth/v1/user:0
[   82790ms] [ERROR] Failed to load resource: the server responded with a status of 403 () @ https://hxcjlpzfoadnjmsjjexx.supabase.co/auth/v1/user:0
[   82993ms] [ERROR] Failed to load resource: the server responded with a status of 403 () @ https://hxcjlpzfoadnjmsjjexx.supabase.co/auth/v1/user:0
[   83188ms] [ERROR] Failed to load resource: the server responded with a status of 403 () @ https://hxcjlpzfoadnjmsjjexx.supabase.co/auth/v1/user:0
[   83382ms] [ERROR] Failed to load resource: the server responded with a status of 403 () @ https://hxcjlpzfoadnjmsjjexx.supabase.co/auth/v1/user:0
[   94545ms] [LOG] [Fast Refresh] rebuilding @ http://localhost:3000/_next/static/chunks/node_modules_next_dist_1e8vcs8._.js:776
[   94562ms] [LOG] [Fast Refresh] done in 120ms @ http://localhost:3000/_next/static/chunks/node_modules_next_dist_1e8vcs8._.js:776
