[    1122ms] [LOG] [Fast Refresh] rebuilding @ http://localhost:3000/_next/static/chunks/node_modules_next_dist_1e8vcs8._.js:776
[    1227ms] [LOG] [Fast Refresh] done in 206ms @ http://localhost:3000/_next/static/chunks/node_modules_next_dist_1e8vcs8._.js:776
[    1650ms] [LOG] [Fast Refresh] rebuilding @ http://localhost:3000/_next/static/chunks/node_modules_next_dist_1e8vcs8._.js:776
[    1835ms] [LOG] [Fast Refresh] done in 288ms @ http://localhost:3000/_next/static/chunks/node_modules_next_dist_1e8vcs8._.js:776
[    2761ms] [INFO] %cDownload the React DevTools for a better development experience: https://react.dev/link/react-devtools font-weight:bold @ http://localhost:3000/_next/static/chunks/node_modules_next_dist_1e8vcs8._.js:776
[    2871ms] [LOG] [HMR] connected @ http://localhost:3000/_next/static/chunks/node_modules_next_dist_1e8vcs8._.js:776
[    3120ms] [WARNING] Image with src "/baran-logo-navbar.png" has either width or height modified, but not the other. If you use CSS to change the size of your image, also include the styles 'width: "auto"' or 'height: "auto"' to maintain the aspect ratio. @ http://localhost:3000/_next/static/chunks/node_modules_next_dist_1e8vcs8._.js:776
[    3236ms] [LOG] [Fast Refresh] rebuilding @ http://localhost:3000/_next/static/chunks/node_modules_next_dist_1e8vcs8._.js:776
[    4083ms] [LOG] [Fast Refresh] done in 961ms @ http://localhost:3000/_next/static/chunks/node_modules_next_dist_1e8vcs8._.js:776
[    4205ms] [ERROR] Failed to load resource: the server responded with a status of 406 () @ https://hxcjlpzfoadnjmsjjexx.supabase.co/rest/v1/staff_users?select=role&id=eq.3165920a-7f9f-4074-9ca4-e0e046d8c649:0
[    4215ms] [ERROR] Failed to load resource: the server responded with a status of 406 () @ https://hxcjlpzfoadnjmsjjexx.supabase.co/rest/v1/staff_users?select=role&id=eq.3165920a-7f9f-4074-9ca4-e0e046d8c649:0
[  481919ms] [ERROR] WebSocket connection to 'ws://localhost:3000/_next/hmr?id=V_Pht1uyK5fJkhlkEd-Fb' failed: Error in connection establishment: net::ERR_CONNECTION_REFUSED @ http://localhost:3000/_next/static/chunks/node_modules_next_dist_client_0_90u2t._.js:16359
[  482922ms] [ERROR] WebSocket connection to 'ws://localhost:3000/_next/hmr?id=V_Pht1uyK5fJkhlkEd-Fb' failed: Error in connection establishment: net::ERR_CONNECTION_REFUSED @ http://localhost:3000/_next/static/chunks/node_modules_next_dist_client_0_90u2t._.js:16359
[  486340ms] [LOG] [HMR] connected @ http://localhost:3000/_next/static/chunks/node_modules_next_dist_1e8vcs8._.js:776
[  497778ms] [INFO] %cDownload the React DevTools for a better development experience: https://react.dev/link/react-devtools font-weight:bold @ http://localhost:3000/_next/static/chunks/node_modules_next_dist_1e8vcs8._.js:776
[  498175ms] [LOG] [HMR] connected @ http://localhost:3000/_next/static/chunks/node_modules_next_dist_1e8vcs8._.js:776
[  498323ms] [WARNING] Image with src "/baran-logo-navbar.png" has either width or height modified, but not the other. If you use CSS to change the size of your image, also include the styles 'width: "auto"' or 'height: "auto"' to maintain the aspect ratio. @ http://localhost:3000/_next/static/chunks/node_modules_next_dist_1e8vcs8._.js:776
[  498605ms] [LOG] [Fast Refresh] rebuilding @ http://localhost:3000/_next/static/chunks/node_modules_next_dist_1e8vcs8._.js:776
[  499444ms] [ERROR] Failed to load resource: the server responded with a status of 406 () @ https://hxcjlpzfoadnjmsjjexx.supabase.co/rest/v1/staff_users?select=role&id=eq.3165920a-7f9f-4074-9ca4-e0e046d8c649:0
[  499448ms] [ERROR] Failed to load resource: the server responded with a status of 406 () @ https://hxcjlpzfoadnjmsjjexx.supabase.co/rest/v1/staff_users?select=role&id=eq.3165920a-7f9f-4074-9ca4-e0e046d8c649:0
[  500006ms] [LOG] [Fast Refresh] done in 1503ms @ http://localhost:3000/_next/static/chunks/node_modules_next_dist_1e8vcs8._.js:776
